
> my-portfolio-temp@0.1.0 build
> next build

Γû▓ Next.js 16.2.4 (Turbopack)

  Creating an optimized production build ...
node.exe : 
At line:1 char:1
+ & "C:\Program Files\nodejs/node.exe" "C:\Program Files\nodejs/node_mo ...
+ ~~~~~~~~~~~~~~~~~~~~~~~~~~~~~~~~~~~~~~~~~~~~~~~~~~~~~~~~~~~~~~~~~~~~~
    + CategoryInfo          : NotSpecified: (:String) [], RemoteException
    + FullyQualifiedErrorId : NativeCommandError
 
> Build error occurred
Error: Turbopack build failed with 10 errors:
./src/app/globals.css
Error evaluating Node.js code
Error: Cannot find module '@tailwindcss/postcss'
Require stack:
- C:\Users\vbhas\Downloads\My portfolio website\.next\build\chunks\[root-of-the-server]__0d-m0h0._.js
- C:\Users\vbhas\Downloads\My portfolio website\.next\build\chunks\[turbopack]_runtime.js
- C:\Users\vbhas\Downloads\My portfolio website\.next\build\postcss.js
    [at Module._resolveFilename (node:internal/modules/cjs/loader:1476:15)]
    [at wrapResolveFilename (node:internal/modules/cjs/loader:1049:27)]
    [at defaultResolveImplForCJSLoading (node:internal/modules/cjs/loader:1073:10)]
    [at resolveForCJSWithHooks (node:internal/modules/cjs/loader:1094:12)]
    [at Module._load (node:internal/modules/cjs/loader:1262:25)]
    [at wrapModuleLoad (node:internal/modules/cjs/loader:255:19)]
    [at Module.require (node:internal/modules/cjs/loader:1576:12)]
    [at require (node:internal/modules/helpers:153:16)]
    at require (turbopack:///[turbopack-node]/transforms/postcss.ts:49:25) [C:\Users\vbhas\Downloads\My portfolio 
website\.next\build\chunks\[root-of-the-server]__0d-m0h0._.js:134:33]
    [at <anonymous>]

Import trace:
  Client Component Browser:
    ./src/app/globals.css [Client Component Browser]
    ./src/app/layout.tsx [Server Component]


./src/components/About.module.css
Error evaluating Node.js code
Error: Cannot find module '@tailwindcss/postcss'
Require stack:
- C:\Users\vbhas\Downloads\My portfolio website\.next\build\chunks\[root-of-the-server]__0d-m0h0._.js
- C:\Users\vbhas\Downloads\My portfolio website\.next\build\chunks\[turbopack]_runtime.js
- C:\Users\vbhas\Downloads\My portfolio website\.next\build\postcss.js
    [at Module._resolveFilename (node:internal/modules/cjs/loader:1476:15)]
    [at wrapResolveFilename (node:internal/modules/cjs/loader:1049:27)]
    [at defaultResolveImplForCJSLoading (node:internal/modules/cjs/loader:1073:10)]
    [at resolveForCJSWithHooks (node:internal/modules/cjs/loader:1094:12)]
    [at Module._load (node:internal/modules/cjs/loader:1262:25)]
    [at wrapModuleLoad (node:internal/modules/cjs/loader:255:19)]
    [at Module.require (node:internal/modules/cjs/loader:1576:12)]
    [at require (node:internal/modules/helpers:153:16)]
    at require (turbopack:///[turbopack-node]/transforms/postcss.ts:49:25) [C:\Users\vbhas\Downloads\My portfolio 
website\.next\build\chunks\[root-of-the-server]__0d-m0h0._.js:134:33]
    [at <anonymous>]

Import traces:
  Client Component Browser:
    ./src/components/About.module.css [Client Component Browser]
    ./src/components/About.tsx [Client Component Browser]
    ./src/components/About.tsx [Server Component]
    ./src/app/page.tsx [Server Component]

  Client Component SSR:
    ./src/components/About.module.css [Client Component SSR]
    ./src/components/About.tsx [Client Component SSR]
    ./src/components/About.tsx [Server Component]
    ./src/app/page.tsx [Server Component]


./src/components/Expertise.module.css
Error evaluating Node.js code
Error: Cannot find module '@tailwindcss/postcss'
Require stack:
- C:\Users\vbhas\Downloads\My portfolio website\.next\build\chunks\[root-of-the-server]__0d-m0h0._.js
- C:\Users\vbhas\Downloads\My portfolio website\.next\build\chunks\[turbopack]_runtime.js
- C:\Users\vbhas\Downloads\My portfolio website\.next\build\postcss.js
    [at Module._resolveFilename (node:internal/modules/cjs/loader:1476:15)]
    [at wrapResolveFilename (node:internal/modules/cjs/loader:1049:27)]
    [at defaultResolveImplForCJSLoading (node:internal/modules/cjs/loader:1073:10)]
    [at resolveForCJSWithHooks (node:internal/modules/cjs/loader:1094:12)]
    [at Module._load (node:internal/modules/cjs/loader:1262:25)]
    [at wrapModuleLoad (node:internal/modules/cjs/loader:255:19)]
    [at Module.require (node:internal/modules/cjs/loader:1576:12)]
    [at require (node:internal/modules/helpers:153:16)]
    at require (turbopack:///[turbopack-node]/transforms/postcss.ts:49:25) [C:\Users\vbhas\Downloads\My portfolio 
website\.next\build\chunks\[root-of-the-server]__0d-m0h0._.js:134:33]
    [at <anonymous>]

Import traces:
  Client Component Browser:
    ./src/components/Expertise.module.css [Client Component Browser]
    ./src/components/Expertise.tsx [Client Component Browser]
    ./src/components/Expertise.tsx [Server Component]
    ./src/app/page.tsx [Server Component]

  Client Component SSR:
    ./src/components/Expertise.module.css [Client Component SSR]
    ./src/components/Expertise.tsx [Client Component SSR]
    ./src/components/Expertise.tsx [Server Component]
    ./src/app/page.tsx [Server Component]


./src/components/Footer.module.css
Error evaluating Node.js code
Error: Cannot find module '@tailwindcss/postcss'
Require stack:
- C:\Users\vbhas\Downloads\My portfolio website\.next\build\chunks\[root-of-the-server]__0d-m0h0._.js
- C:\Users\vbhas\Downloads\My portfolio website\.next\build\chunks\[turbopack]_runtime.js
- C:\Users\vbhas\Downloads\My portfolio website\.next\build\postcss.js
    [at Module._resolveFilename (node:internal/modules/cjs/loader:1476:15)]
    [at wrapResolveFilename (node:internal/modules/cjs/loader:1049:27)]
    [at defaultResolveImplForCJSLoading (node:internal/modules/cjs/loader:1073:10)]
    [at resolveForCJSWithHooks (node:internal/modules/cjs/loader:1094:12)]
    [at Module._load (node:internal/modules/cjs/loader:1262:25)]
    [at wrapModuleLoad (node:internal/modules/cjs/loader:255:19)]
    [at Module.require (node:internal/modules/cjs/loader:1576:12)]
    [at require (node:internal/modules/helpers:153:16)]
    at require (turbopack:///[turbopack-node]/transforms/postcss.ts:49:25) [C:\Users\vbhas\Downloads\My portfolio 
website\.next\build\chunks\[root-of-the-server]__0d-m0h0._.js:134:33]
    [at <anonymous>]

Import traces:
  Client Component Browser:
    ./src/components/Footer.module.css [Client Component Browser]
    ./src/components/Footer.tsx [Client Component Browser]
    ./src/components/Footer.tsx [Server Component]
    ./src/app/page.tsx [Server Component]

  Client Component SSR:
    ./src/components/Footer.module.css [Client Component SSR]
    ./src/components/Footer.tsx [Client Component SSR]
    ./src/components/Footer.tsx [Server Component]
    ./src/app/page.tsx [Server Component]


./src/components/Hero.module.css
Error evaluating Node.js code
Error: Cannot find module '@tailwindcss/postcss'
Require stack:
- C:\Users\vbhas\Downloads\My portfolio website\.next\build\chunks\[root-of-the-server]__0d-m0h0._.js
- C:\Users\vbhas\Downloads\My portfolio website\.next\build\chunks\[turbopack]_runtime.js
- C:\Users\vbhas\Downloads\My portfolio website\.next\build\postcss.js
    [at Module._resolveFilename (node:internal/modules/cjs/loader:1476:15)]
    [at wrapResolveFilename (node:internal/modules/cjs/loader:1049:27)]
    [at defaultResolveImplForCJSLoading (node:internal/modules/cjs/loader:1073:10)]
    [at resolveForCJSWithHooks (node:internal/modules/cjs/loader:1094:12)]
    [at Module._load (node:internal/modules/cjs/loader:1262:25)]
    [at wrapModuleLoad (node:internal/modules/cjs/loader:255:19)]
    [at Module.require (node:internal/modules/cjs/loader:1576:12)]
    [at require (node:internal/modules/helpers:153:16)]
    at require (turbopack:///[turbopack-node]/transforms/postcss.ts:49:25) [C:\Users\vbhas\Downloads\My portfolio 
website\.next\build\chunks\[root-of-the-server]__0d-m0h0._.js:134:33]
    [at <anonymous>]

Import traces:
  Client Component Browser:
    ./src/components/Hero.module.css [Client Component Browser]
    ./src/components/Hero.tsx [Client Component Browser]
    ./src/components/Hero.tsx [Server Component]
    ./src/app/page.tsx [Server Component]

  Client Component SSR:
    ./src/components/Hero.module.css [Client Component SSR]
    ./src/components/Hero.tsx [Client Component SSR]
    ./src/components/Hero.tsx [Server Component]
    ./src/app/page.tsx [Server Component]


./src/components/Navbar.module.css
Error evaluating Node.js code
Error: Cannot find module '@tailwindcss/postcss'
Require stack:
- C:\Users\vbhas\Downloads\My portfolio website\.next\build\chunks\[root-of-the-server]__0d-m0h0._.js
- C:\Users\vbhas\Downloads\My portfolio website\.next\build\chunks\[turbopack]_runtime.js
- C:\Users\vbhas\Downloads\My portfolio website\.next\build\postcss.js
    [at Module._resolveFilename (node:internal/modules/cjs/loader:1476:15)]
    [at wrapResolveFilename (node:internal/modules/cjs/loader:1049:27)]
    [at defaultResolveImplForCJSLoading (node:internal/modules/cjs/loader:1073:10)]
    [at resolveForCJSWithHooks (node:internal/modules/cjs/loader:1094:12)]
    [at Module._load (node:internal/modules/cjs/loader:1262:25)]
    [at wrapModuleLoad (node:internal/modules/cjs/loader:255:19)]
    [at Module.require (node:internal/modules/cjs/loader:1576:12)]
    [at require (node:internal/modules/helpers:153:16)]
    at require (turbopack:///[turbopack-node]/transforms/postcss.ts:49:25) [C:\Users\vbhas\Downloads\My portfolio 
website\.next\build\chunks\[root-of-the-server]__0d-m0h0._.js:134:33]
    [at <anonymous>]

Import traces:
  Client Component Browser:
    ./src/components/Navbar.module.css [Client Component Browser]
    ./src/components/Navbar.tsx [Client Component Browser]
    ./src/components/Navbar.tsx [Server Component]
    ./src/app/page.tsx [Server Component]

  Client Component SSR:
    ./src/components/Navbar.module.css [Client Component SSR]
    ./src/components/Navbar.tsx [Client Component SSR]
    ./src/components/Navbar.tsx [Server Component]
    ./src/app/page.tsx [Server Component]


./src/components/Projects.module.css
Error evaluating Node.js code
Error: Cannot find module '@tailwindcss/postcss'
Require stack:
- C:\Users\vbhas\Downloads\My portfolio website\.next\build\chunks\[root-of-the-server]__0d-m0h0._.js
- C:\Users\vbhas\Downloads\My portfolio website\.next\build\chunks\[turbopack]_runtime.js
- C:\Users\vbhas\Downloads\My portfolio website\.next\build\postcss.js
    [at Module._resolveFilename (node:internal/modules/cjs/loader:1476:15)]
    [at wrapResolveFilename (node:internal/modules/cjs/loader:1049:27)]
    [at defaultResolveImplForCJSLoading (node:internal/modules/cjs/loader:1073:10)]
    [at resolveForCJSWithHooks (node:internal/modules/cjs/loader:1094:12)]
    [at Module._load (node:internal/modules/cjs/loader:1262:25)]
    [at wrapModuleLoad (node:internal/modules/cjs/loader:255:19)]
    [at Module.require (node:internal/modules/cjs/loader:1576:12)]
    [at require (node:internal/modules/helpers:153:16)]
    at require (turbopack:///[turbopack-node]/transforms/postcss.ts:49:25) [C:\Users\vbhas\Downloads\My portfolio 
website\.next\build\chunks\[root-of-the-server]__0d-m0h0._.js:134:33]
    [at <anonymous>]

Import traces:
  Client Component Browser:
    ./src/components/Projects.module.css [Client Component Browser]
    ./src/components/Projects.tsx [Client Component Browser]
    ./src/components/Projects.tsx [Server Component]
    ./src/app/page.tsx [Server Component]

  Client Component SSR:
    ./src/components/Projects.module.css [Client Component SSR]
    ./src/components/Projects.tsx [Client Component SSR]
    ./src/components/Projects.tsx [Server Component]
    ./src/app/page.tsx [Server Component]


./src/components/TechStack.module.css
Error evaluating Node.js code
Error: Cannot find module '@tailwindcss/postcss'
Require stack:
- C:\Users\vbhas\Downloads\My portfolio website\.next\build\chunks\[root-of-the-server]__0d-m0h0._.js
- C:\Users\vbhas\Downloads\My portfolio website\.next\build\chunks\[turbopack]_runtime.js
- C:\Users\vbhas\Downloads\My portfolio website\.next\build\postcss.js
    [at Module._resolveFilename (node:internal/modules/cjs/loader:1476:15)]
    [at wrapResolveFilename (node:internal/modules/cjs/loader:1049:27)]
    [at defaultResolveImplForCJSLoading (node:internal/modules/cjs/loader:1073:10)]
    [at resolveForCJSWithHooks (node:internal/modules/cjs/loader:1094:12)]
    [at Module._load (node:internal/modules/cjs/loader:1262:25)]
    [at wrapModuleLoad (node:internal/modules/cjs/loader:255:19)]
    [at Module.require (node:internal/modules/cjs/loader:1576:12)]
    [at require (node:internal/modules/helpers:153:16)]
    at require (turbopack:///[turbopack-node]/transforms/postcss.ts:49:25) [C:\Users\vbhas\Downloads\My portfolio 
website\.next\build\chunks\[root-of-the-server]__0d-m0h0._.js:134:33]
    [at <anonymous>]

Import traces:
  Client Component Browser:
    ./src/components/TechStack.module.css [Client Component Browser]
    ./src/components/TechStack.tsx [Client Component Browser]
    ./src/components/TechStack.tsx [Server Component]
    ./src/app/page.tsx [Server Component]

  Client Component SSR:
    ./src/components/TechStack.module.css [Client Component SSR]
    ./src/components/TechStack.tsx [Client Component SSR]
    ./src/components/TechStack.tsx [Server Component]
    ./src/app/page.tsx [Server Component]


./src/components/Timeline.module.css
Error evaluating Node.js code
Error: Cannot find module '@tailwindcss/postcss'
Require stack:
- C:\Users\vbhas\Downloads\My portfolio website\.next\build\chunks\[root-of-the-server]__0d-m0h0._.js
- C:\Users\vbhas\Downloads\My portfolio website\.next\build\chunks\[turbopack]_runtime.js
- C:\Users\vbhas\Downloads\My portfolio website\.next\build\postcss.js
    [at Module._resolveFilename (node:internal/modules/cjs/loader:1476:15)]
    [at wrapResolveFilename (node:internal/modules/cjs/loader:1049:27)]
    [at defaultResolveImplForCJSLoading (node:internal/modules/cjs/loader:1073:10)]
    [at resolveForCJSWithHooks (node:internal/modules/cjs/loader:1094:12)]
    [at Module._load (node:internal/modules/cjs/loader:1262:25)]
    [at wrapModuleLoad (node:internal/modules/cjs/loader:255:19)]
    [at Module.require (node:internal/modules/cjs/loader:1576:12)]
    [at require (node:internal/modules/helpers:153:16)]
    at require (turbopack:///[turbopack-node]/transforms/postcss.ts:49:25) [C:\Users\vbhas\Downloads\My portfolio 
website\.next\build\chunks\[root-of-the-server]__0d-m0h0._.js:134:33]
    [at <anonymous>]

Import traces:
  Client Component Browser:
    ./src/components/Timeline.module.css [Client Component Browser]
    ./src/components/Timeline.tsx [Client Component Browser]
    ./src/components/Timeline.tsx [Server Component]
    ./src/app/page.tsx [Server Component]

  Client Component SSR:
    ./src/components/Timeline.module.css [Client Component SSR]
    ./src/components/Timeline.tsx [Client Component SSR]
    ./src/components/Timeline.tsx [Server Component]
    ./src/app/page.tsx [Server Component]


./src/components/TrustStrip.module.css
Error evaluating Node.js code
Error: Cannot find module '@tailwindcss/postcss'
Require stack:
- C:\Users\vbhas\Downloads\My portfolio website\.next\build\chunks\[root-of-the-server]__0d-m0h0._.js
- C:\Users\vbhas\Downloads\My portfolio website\.next\build\chunks\[turbopack]_runtime.js
- C:\Users\vbhas\Downloads\My portfolio website\.next\build\postcss.js
    [at Module._resolveFilename (node:internal/modules/cjs/loader:1476:15)]
    [at wrapResolveFilename (node:internal/modules/cjs/loader:1049:27)]
    [at defaultResolveImplForCJSLoading (node:internal/modules/cjs/loader:1073:10)]
    [at resolveForCJSWithHooks (node:internal/modules/cjs/loader:1094:12)]
    [at Module._load (node:internal/modules/cjs/loader:1262:25)]
    [at wrapModuleLoad (node:internal/modules/cjs/loader:255:19)]
    [at Module.require (node:internal/modules/cjs/loader:1576:12)]
    [at require (node:internal/modules/helpers:153:16)]
    at require (turbopack:///[turbopack-node]/transforms/postcss.ts:49:25) [C:\Users\vbhas\Downloads\My portfolio 
website\.next\build\chunks\[root-of-the-server]__0d-m0h0._.js:134:33]
    [at <anonymous>]

Import traces:
  Client Component Browser:
    ./src/components/TrustStrip.module.css [Client Component Browser]
    ./src/components/TrustStrip.tsx [Client Component Browser]
    ./src/components/TrustStrip.tsx [Server Component]
    ./src/app/page.tsx [Server Component]

  Client Component SSR:
    ./src/components/TrustStrip.module.css [Client Component SSR]
    ./src/components/TrustStrip.tsx [Client Component SSR]
    ./src/components/TrustStrip.tsx [Server Component]
    ./src/app/page.tsx [Server Component]


    at require (turbopack:///[turbopack-node]/transforms/postcss.ts:49:25) [C:\Users\vbhas\Downloads\My portfolio 
website\.next\build\chunks\[root-of-the-server]__0d-m0h0._.js:134:33])
    at require (turbopack:///[turbopack-node]/transforms/postcss.ts:49:25) [C:\Users\vbhas\Downloads\My portfolio 
website\.next\build\chunks\[root-of-the-server]__0d-m0h0._.js:134:33])
    at require (turbopack:///[turbopack-node]/transforms/postcss.ts:49:25) [C:\Users\vbhas\Downloads\My portfolio 
website\.next\build\chunks\[root-of-the-server]__0d-m0h0._.js:134:33])
    at require (turbopack:///[turbopack-node]/transforms/postcss.ts:49:25) [C:\Users\vbhas\Downloads\My portfolio 
website\.next\build\chunks\[root-of-the-server]__0d-m0h0._.js:134:33])
    at require (turbopack:///[turbopack-node]/transforms/postcss.ts:49:25) [C:\Users\vbhas\Downloads\My portfolio 
website\.next\build\chunks\[root-of-the-server]__0d-m0h0._.js:134:33])
    at require (turbopack:///[turbopack-node]/transforms/postcss.ts:49:25) [C:\Users\vbhas\Downloads\My portfolio 
website\.next\build\chunks\[root-of-the-server]__0d-m0h0._.js:134:33])
    at require (turbopack:///[turbopack-node]/transforms/postcss.ts:49:25) [C:\Users\vbhas\Downloads\My portfolio 
website\.next\build\chunks\[root-of-the-server]__0d-m0h0._.js:134:33])
    at require (turbopack:///[turbopack-node]/transforms/postcss.ts:49:25) [C:\Users\vbhas\Downloads\My portfolio 
website\.next\build\chunks\[root-of-the-server]__0d-m0h0._.js:134:33])
    at require (turbopack:///[turbopack-node]/transforms/postcss.ts:49:25) [C:\Users\vbhas\Downloads\My portfolio 
website\.next\build\chunks\[root-of-the-server]__0d-m0h0._.js:134:33])
    at require (turbopack:///[turbopack-node]/transforms/postcss.ts:49:25) [C:\Users\vbhas\Downloads\My portfolio 
website\.next\build\chunks\[root-of-the-server]__0d-m0h0._.js:134:33])
